
led.elf:     file format elf32-msp430

SYMBOL TABLE:
0000fffe l    d  __reset_vector	00000000 __reset_vector
0000fc00 l    d  .rodata	00000000 .rodata
0000fc00 l    d  .rodata2	00000000 .rodata2
0000fc00 l    d  .text	00000000 .text
00000200 l    d  .data	00000000 .data
00000210 l    d  .bss	00000000 .bss
00000210 l    d  .noinit	00000000 .noinit
00000210 l    d  .heap	00000000 .heap
00000000 l    d  .MSP430.attributes	00000000 .MSP430.attributes
00000000 l    d  .comment	00000000 .comment
00000000 l    df *ABS*	00000000 c:/ti/msp430_gcc/bin/../lib/gcc/msp430-elf/6.2.1/../../../../msp430-elf/lib/430/crt0-minrt.o
0000fffe l       __reset_vector	00000000 __msp430_resetvec_hook
00000000 l    df *ABS*	00000000 crt_movedata.o
00000000 l    df *ABS*	00000000 crt_main_minrt.o
00000000 l    df *ABS*	00000000 main.c
00000000 l    df *ABS*	00000000 omsp_de0nano.c
00000000 l    df *ABS*	00000000 omsp_delay.c
00000000 l    df *ABS*	00000000 omsp_uart.c
00000000 l    df *ABS*	00000000 srai.o
00000000 l    df *ABS*	00000000 srli.o
00000000 l    df *ABS*	00000000 lib_a-memmove.o
00000000 l    df *ABS*	00000000 
0000fc00 l       .text	00000000 _start
0000fd02 g     F .text	00000012 putchar
00000022 g       *ABS*	00000000 P1DIR
0000fcf4 g     F .text	0000000e uartinit
0000fdb0 g       .text	00000000 .hidden __mspabi_srli_9
0000fd36 g       .text	00000000 .hidden __mspabi_srai_6
0000fd40 g       .text	00000000 .hidden __mspabi_srai_1
0000fe00 g       .text	00000000 .hidden __mspabi_srll_10
0000fdac g       .text	00000000 .hidden __mspabi_srli_10
0000fd62 g       .text	00000000 .hidden __mspabi_sral_10
0000fd52 g       .text	00000000 .hidden __mspabi_sral_14
0000fd98 g       .text	00000000 .hidden __mspabi_srli_15
0000fe4c g     F .text	0000003c memmove
0000fdc4 g       .text	00000000 .hidden __mspabi_srli_4
0000fcc6 g     F .text	00000006 de0nano_ledg
0000fd66 g       .text	00000000 .hidden __mspabi_sral_9
0000fdb8 g       .text	00000000 .hidden __mspabi_srli_7
0000fe12 g       .text	00000000 .hidden __mspabi_srll_7
0000fe2a g       .text	00000000 .hidden __mspabi_srll_3
0000fd72 g       .text	00000000 .hidden __mspabi_sral_6
0000fd86 g       .text	00000000 .hidden __mspabi_sral_1
0000fd16 g       .text	00000000 .hidden __mspabi_func_epilog_6
0000fd24 g       .text	00000000 .hidden __mspabi_srai_15
0000fdee g       .text	00000000 .hidden __mspabi_srll_13
0000fccc g     F .text	00000006 short_delay
0000fda4 g       .text	00000000 .hidden __mspabi_srli_12
0000002a g       *ABS*	00000000 P2DIR
00000120 g       *ABS*	00000000 WDTCTL
0000fd3e g       .text	00000000 .hidden __mspabi_srai_2
0000fd3c g       .text	00000000 .hidden __mspabi_srai_3
0000fc00 g     F .text	00000004 __crt0_start
00000214 g       .heap	00000000 __HeapLimit
00000214 g       .heap	00000000 __heap_end__
0000fcd2 g     F .text	00000022 long_delay
0000fd2e g       .text	00000000 .hidden __mspabi_srai_10
0000fd20 g       .text	00000000 .hidden __mspabi_func_epilog_1
0000fd1c g       .text	00000000 .hidden __mspabi_func_epilog_3
0000fe1e g       .text	00000000 .hidden __mspabi_srll_5
0000fddc g       .text	00000000 .hidden __mspabi_srli
0000fdfa g       .text	00000000 .hidden __mspabi_srll_11
0000fdc0 g       .text	00000000 .hidden __mspabi_srli_5
00000210 g       .noinit	00000000 end
0000fd5e g       .text	00000000 .hidden __mspabi_sral_11
0000fd4e g       .text	00000000 .hidden __mspabi_sral_15
0000fd34 g       .text	00000000 .hidden __mspabi_srai_7
0000fe18 g       .text	00000000 .hidden __mspabi_srll_6
0000fd7a g       .text	00000000 .hidden __mspabi_sral_4
0000fdd0 g       .text	00000000 .hidden __mspabi_srli_1
0000fde8 g       .text	00000000 .hidden __mspabi_srll_14
0000fd48 g       .text	00000000 .hidden __mspabi_srai
0000fd2a g       .text	00000000 .hidden __mspabi_srai_12
0000fd9c g       .text	00000000 .hidden __mspabi_srli_14
00000010 g       *ABS*	00000000 __romdatacopysize
0000fd6e g       .text	00000000 .hidden __mspabi_sral_7
0000fd32 g       .text	00000000 .hidden __mspabi_srai_8
0000fda8 g       .text	00000000 .hidden __mspabi_srli_11
0000fd82 g       .text	00000000 .hidden __mspabi_sral_2
00000000  w      *ABS*	00000000 __rom_highdatacopysize
0000fc1e g     F .text	00000082 main
0000fd30 g       .text	00000000 .hidden __mspabi_srai_9
0000fd2c g       .text	00000000 .hidden __mspabi_srai_11
0000fe24 g       .text	00000000 .hidden __mspabi_srll_4
0000fdcc g       .text	00000000 .hidden __mspabi_srli_2
00000210 g       .heap	00000000 __heap_start__
0000fd92 g       .text	00000000 .hidden __mspabi_sral
00000000  w      *ABS*	00000000 __high_bsssize
00000000  w      *ABS*	00000000 __rom_highdatastart
0000fd6a g       .text	00000000 .hidden __mspabi_sral_8
0000fd56 g       .text	00000000 .hidden __mspabi_sral_13
0000fdf4 g       .text	00000000 .hidden __mspabi_srll_12
0000fe88 g       *ABS*	00000000 __romdatastart
0000fd3a g       .text	00000000 .hidden __mspabi_srai_4
0000fdbc g       .text	00000000 .hidden __mspabi_srli_6
0000fdc8 g       .text	00000000 .hidden __mspabi_srli_3
00000021 g       *ABS*	00000000 P1OUT
00000000  w      *ABS*	00000000 __high_datastart
00000000  w      *ABS*	00000000 __upper_data_init
0000fd18 g       .text	00000000 .hidden __mspabi_func_epilog_5
0000fca0 g     F .text	00000026 de0nano_init
0000fd26 g       .text	00000000 .hidden __mspabi_srai_14
00002200 g       .MSP430.attributes	00000000 __stack
0000fe06 g       .text	00000000 .hidden __mspabi_srll_9
00000200 g     O .data	00000010 c16
0000fd7e g       .text	00000000 .hidden __mspabi_sral_3
00000210 g       .data	00000000 _edata
0000fd5a g       .text	00000000 .hidden __mspabi_sral_12
00000210 g       .heap	00000000 _end
0000fe46 g       .text	00000000 .hidden __mspabi_srll
00000000  w      *ABS*	00000000 __high_bssstart
0000fde2 g       .text	00000000 .hidden __mspabi_srll_15
0000fd38 g       .text	00000000 .hidden __mspabi_srai_5
0000fd28 g       .text	00000000 .hidden __mspabi_srai_13
0000fda0 g       .text	00000000 .hidden __mspabi_srli_13
00000200 g       .data	00000000 __datastart
0000fe0c g       .text	00000000 .hidden __mspabi_srll_8
0000fe36 g       .text	00000000 .hidden __mspabi_srll_1
0000fc18 g     F .text	00000006 __crt0_call_just_main
0000fc04 g     F .text	00000014 __crt0_movedata
0000fd1e g       .text	00000000 .hidden __mspabi_func_epilog_2
0000fd76 g       .text	00000000 .hidden __mspabi_sral_5
0000fd14 g       .text	00000000 .hidden __mspabi_func_epilog_7
0000fd1a g       .text	00000000 .hidden __mspabi_func_epilog_4
0000fe30 g       .text	00000000 .hidden __mspabi_srll_2
0000fdb4 g       .text	00000000 .hidden __mspabi_srli_8



Disassembly of section .text:

0000fc00 <__crt0_start>:
    fc00:	31 40 00 22 	mov	#8704,	r1	;#0x2200

0000fc04 <__crt0_movedata>:
    fc04:	3c 40 00 02 	mov	#512,	r12	;#0x0200

0000fc08 <.Loc.116.1>:
    fc08:	3d 40 88 fe 	mov	#65160,	r13	;#0xfe88

0000fc0c <.Loc.119.1>:
    fc0c:	0d 9c       	cmp	r12,	r13	;

0000fc0e <.Loc.120.1>:
    fc0e:	04 24       	jz	$+10     	;abs 0xfc18

0000fc10 <.Loc.122.1>:
    fc10:	3e 40 10 00 	mov	#16,	r14	;#0x0010

0000fc14 <.Loc.124.1>:
    fc14:	b0 12 4c fe 	call	#65100		;#0xfe4c

0000fc18 <__crt0_call_just_main>:
    fc18:	0c 43       	clr	r12		;

0000fc1a <.Loc.181.1>:
    fc1a:	b0 12 1e fc 	call	#64542		;#0xfc1e

0000fc1e <main>:
    fc1e:	0a 12       	push	r10		;
    fc20:	09 12       	push	r9		;
    fc22:	08 12       	push	r8		;
    fc24:	07 12       	push	r7		;
    fc26:	06 12       	push	r6		;
    fc28:	05 12       	push	r5		;
    fc2a:	04 12       	push	r4		;
    fc2c:	b0 12 a0 fc 	call	#64672		;#0xfca0
    fc30:	47 43       	clr.b	r7		;
    fc32:	55 43       	mov.b	#1,	r5	;r3 As==01
    fc34:	36 40 00 02 	mov	#512,	r6	;#0x0200
    fc38:	38 40 02 fd 	mov	#64770,	r8	;#0xfd02

0000fc3c <.L6>:
    fc3c:	0a 47       	mov	r7,	r10	;
    fc3e:	37 52       	add	#8,	r7	;r2 As==11
    fc40:	09 45       	mov	r5,	r9	;
    fc42:	34 40 c6 fc 	mov	#64710,	r4	;#0xfcc6

0000fc46 <.L5>:
    fc46:	0c 4a       	mov	r10,	r12	;
    fc48:	b0 12 a4 fd 	call	#64932		;#0xfda4
    fc4c:	0c 56       	add	r6,	r12	;
    fc4e:	6c 4c       	mov.b	@r12,	r12	;
    fc50:	88 12       	call	r8		;
    fc52:	0c 4a       	mov	r10,	r12	;
    fc54:	b0 12 32 fd 	call	#64818		;#0xfd32
    fc58:	7c f0 0f 00 	and.b	#15,	r12	;#0x000f
    fc5c:	0c 56       	add	r6,	r12	;
    fc5e:	6c 4c       	mov.b	@r12,	r12	;
    fc60:	88 12       	call	r8		;
    fc62:	0c 4a       	mov	r10,	r12	;
    fc64:	b0 12 3a fd 	call	#64826		;#0xfd3a
    fc68:	7c f0 0f 00 	and.b	#15,	r12	;#0x000f
    fc6c:	0c 56       	add	r6,	r12	;
    fc6e:	6c 4c       	mov.b	@r12,	r12	;
    fc70:	88 12       	call	r8		;
    fc72:	0c 4a       	mov	r10,	r12	;
    fc74:	7c f0 0f 00 	and.b	#15,	r12	;#0x000f
    fc78:	0c 56       	add	r6,	r12	;
    fc7a:	6c 4c       	mov.b	@r12,	r12	;
    fc7c:	88 12       	call	r8		;
    fc7e:	7c 40 0a 00 	mov.b	#10,	r12	;#0x000a
    fc82:	88 12       	call	r8		;
    fc84:	0c 49       	mov	r9,	r12	;
    fc86:	84 12       	call	r4		;
    fc88:	7c 40 64 00 	mov.b	#100,	r12	;#0x0064
    fc8c:	b0 12 d2 fc 	call	#64722		;#0xfcd2
    fc90:	49 59       	rla.b	r9		;
    fc92:	39 f0 ff 00 	and	#255,	r9	;#0x00ff
    fc96:	1a 53       	inc	r10		;
    fc98:	0a 97       	cmp	r7,	r10	;
    fc9a:	d5 23       	jnz	$-84     	;abs 0xfc46
    fc9c:	30 40 3c fc 	br	#0xfc3c		;

0000fca0 <de0nano_init>:
    fca0:	b2 40 80 5a 	mov	#23168,	&0x0120	;#0x5a80
    fca4:	20 01 
    fca6:	f2 43 22 00 	mov.b	#-1,	&0x0022	;r3 As==11
    fcaa:	f2 43 2a 00 	mov.b	#-1,	&0x002a	;r3 As==11
    fcae:	f2 43 1a 00 	mov.b	#-1,	&0x001a	;r3 As==11
    fcb2:	f2 43 1e 00 	mov.b	#-1,	&0x001e	;r3 As==11
    fcb6:	f2 43 32 00 	mov.b	#-1,	&0x0032	;r3 As==11
    fcba:	b0 12 f4 fc 	call	#64756		;#0xfcf4
    fcbe:	03 43       	nop			
    fcc0:	32 d2       	eint			
    fcc2:	03 43       	nop			
    fcc4:	30 41       	ret			

0000fcc6 <de0nano_ledg>:
    fcc6:	c2 4c 21 00 	mov.b	r12,	&0x0021	;
    fcca:	30 41       	ret			

0000fccc <short_delay>:
    fccc:	1c 83       	dec	r12		;
    fcce:	fe 23       	jnz	$-2      	;abs 0xfccc
    fcd0:	30 41       	ret			

0000fcd2 <long_delay>:
    fcd2:	0a 12       	push	r10		;
    fcd4:	09 12       	push	r9		;
    fcd6:	08 12       	push	r8		;
    fcd8:	0a 4c       	mov	r12,	r10	;
    fcda:	39 40 cc fc 	mov	#64716,	r9	;#0xfccc
    fcde:	38 40 10 27 	mov	#10000,	r8	;#0x2710

0000fce2 <.L3>:
    fce2:	0a 93       	cmp	#0,	r10	;r3 As==00
    fce4:	02 20       	jnz	$+6      	;abs 0xfcea
    fce6:	30 40 1c fd 	br	#0xfd1c		;

0000fcea <.L4>:
    fcea:	0c 48       	mov	r8,	r12	;
    fcec:	89 12       	call	r9		;
    fcee:	3a 53       	add	#-1,	r10	;r3 As==11
    fcf0:	30 40 e2 fc 	br	#0xfce2		;

0000fcf4 <uartinit>:
    fcf4:	b2 40 b1 01 	mov	#433,	&0x0082	;#0x01b1
    fcf8:	82 00 
    fcfa:	f2 40 11 00 	mov.b	#17,	&0x0080	;#0x0011
    fcfe:	80 00 
    fd00:	30 41       	ret			

0000fd02 <putchar>:
    fd02:	7d 40 81 00 	mov.b	#129,	r13	;#0x0081

0000fd06 <.L3>:
    fd06:	fd b2 00 00 	bit.b	#8,	0(r13)	;r2 As==11
    fd0a:	fd 23       	jnz	$-4      	;abs 0xfd06
    fd0c:	c2 4c 84 00 	mov.b	r12,	&0x0084	;
    fd10:	4c 43       	clr.b	r12		;
    fd12:	30 41       	ret			

0000fd14 <__mspabi_func_epilog_7>:
    fd14:	34 41       	pop	r4		;

0000fd16 <__mspabi_func_epilog_6>:
    fd16:	35 41       	pop	r5		;

0000fd18 <__mspabi_func_epilog_5>:
    fd18:	36 41       	pop	r6		;

0000fd1a <__mspabi_func_epilog_4>:
    fd1a:	37 41       	pop	r7		;

0000fd1c <__mspabi_func_epilog_3>:
    fd1c:	38 41       	pop	r8		;

0000fd1e <__mspabi_func_epilog_2>:
    fd1e:	39 41       	pop	r9		;

0000fd20 <__mspabi_func_epilog_1>:
    fd20:	3a 41       	pop	r10		;
    fd22:	30 41       	ret			

0000fd24 <__mspabi_srai_15>:
    fd24:	0c 11       	rra	r12		;

0000fd26 <__mspabi_srai_14>:
    fd26:	0c 11       	rra	r12		;

0000fd28 <__mspabi_srai_13>:
    fd28:	0c 11       	rra	r12		;

0000fd2a <__mspabi_srai_12>:
    fd2a:	0c 11       	rra	r12		;

0000fd2c <__mspabi_srai_11>:
    fd2c:	0c 11       	rra	r12		;

0000fd2e <__mspabi_srai_10>:
    fd2e:	0c 11       	rra	r12		;

0000fd30 <__mspabi_srai_9>:
    fd30:	0c 11       	rra	r12		;

0000fd32 <__mspabi_srai_8>:
    fd32:	0c 11       	rra	r12		;

0000fd34 <__mspabi_srai_7>:
    fd34:	0c 11       	rra	r12		;

0000fd36 <__mspabi_srai_6>:
    fd36:	0c 11       	rra	r12		;

0000fd38 <__mspabi_srai_5>:
    fd38:	0c 11       	rra	r12		;

0000fd3a <__mspabi_srai_4>:
    fd3a:	0c 11       	rra	r12		;

0000fd3c <__mspabi_srai_3>:
    fd3c:	0c 11       	rra	r12		;

0000fd3e <__mspabi_srai_2>:
    fd3e:	0c 11       	rra	r12		;

0000fd40 <__mspabi_srai_1>:
    fd40:	0c 11       	rra	r12		;
    fd42:	30 41       	ret			

0000fd44 <.L11>:
    fd44:	3d 53       	add	#-1,	r13	;r3 As==11
    fd46:	0c 11       	rra	r12		;

0000fd48 <__mspabi_srai>:
    fd48:	0d 93       	cmp	#0,	r13	;r3 As==00
    fd4a:	fc 23       	jnz	$-6      	;abs 0xfd44
    fd4c:	30 41       	ret			

0000fd4e <__mspabi_sral_15>:
    fd4e:	0d 11       	rra	r13		;
    fd50:	0c 10       	rrc	r12		;

0000fd52 <__mspabi_sral_14>:
    fd52:	0d 11       	rra	r13		;
    fd54:	0c 10       	rrc	r12		;

0000fd56 <__mspabi_sral_13>:
    fd56:	0d 11       	rra	r13		;
    fd58:	0c 10       	rrc	r12		;

0000fd5a <__mspabi_sral_12>:
    fd5a:	0d 11       	rra	r13		;
    fd5c:	0c 10       	rrc	r12		;

0000fd5e <__mspabi_sral_11>:
    fd5e:	0d 11       	rra	r13		;
    fd60:	0c 10       	rrc	r12		;

0000fd62 <__mspabi_sral_10>:
    fd62:	0d 11       	rra	r13		;
    fd64:	0c 10       	rrc	r12		;

0000fd66 <__mspabi_sral_9>:
    fd66:	0d 11       	rra	r13		;
    fd68:	0c 10       	rrc	r12		;

0000fd6a <__mspabi_sral_8>:
    fd6a:	0d 11       	rra	r13		;
    fd6c:	0c 10       	rrc	r12		;

0000fd6e <__mspabi_sral_7>:
    fd6e:	0d 11       	rra	r13		;
    fd70:	0c 10       	rrc	r12		;

0000fd72 <__mspabi_sral_6>:
    fd72:	0d 11       	rra	r13		;
    fd74:	0c 10       	rrc	r12		;

0000fd76 <__mspabi_sral_5>:
    fd76:	0d 11       	rra	r13		;
    fd78:	0c 10       	rrc	r12		;

0000fd7a <__mspabi_sral_4>:
    fd7a:	0d 11       	rra	r13		;
    fd7c:	0c 10       	rrc	r12		;

0000fd7e <__mspabi_sral_3>:
    fd7e:	0d 11       	rra	r13		;
    fd80:	0c 10       	rrc	r12		;

0000fd82 <__mspabi_sral_2>:
    fd82:	0d 11       	rra	r13		;
    fd84:	0c 10       	rrc	r12		;

0000fd86 <__mspabi_sral_1>:
    fd86:	0d 11       	rra	r13		;
    fd88:	0c 10       	rrc	r12		;
    fd8a:	30 41       	ret			

0000fd8c <.L12>:
    fd8c:	3e 53       	add	#-1,	r14	;r3 As==11
    fd8e:	0d 11       	rra	r13		;
    fd90:	0c 10       	rrc	r12		;

0000fd92 <__mspabi_sral>:
    fd92:	0e 93       	cmp	#0,	r14	;r3 As==00
    fd94:	fb 23       	jnz	$-8      	;abs 0xfd8c
    fd96:	30 41       	ret			

0000fd98 <__mspabi_srli_15>:
    fd98:	12 c3       	clrc			
    fd9a:	0c 10       	rrc	r12		;

0000fd9c <__mspabi_srli_14>:
    fd9c:	12 c3       	clrc			
    fd9e:	0c 10       	rrc	r12		;

0000fda0 <__mspabi_srli_13>:
    fda0:	12 c3       	clrc			
    fda2:	0c 10       	rrc	r12		;

0000fda4 <__mspabi_srli_12>:
    fda4:	12 c3       	clrc			
    fda6:	0c 10       	rrc	r12		;

0000fda8 <__mspabi_srli_11>:
    fda8:	12 c3       	clrc			
    fdaa:	0c 10       	rrc	r12		;

0000fdac <__mspabi_srli_10>:
    fdac:	12 c3       	clrc			
    fdae:	0c 10       	rrc	r12		;

0000fdb0 <__mspabi_srli_9>:
    fdb0:	12 c3       	clrc			
    fdb2:	0c 10       	rrc	r12		;

0000fdb4 <__mspabi_srli_8>:
    fdb4:	12 c3       	clrc			
    fdb6:	0c 10       	rrc	r12		;

0000fdb8 <__mspabi_srli_7>:
    fdb8:	12 c3       	clrc			
    fdba:	0c 10       	rrc	r12		;

0000fdbc <__mspabi_srli_6>:
    fdbc:	12 c3       	clrc			
    fdbe:	0c 10       	rrc	r12		;

0000fdc0 <__mspabi_srli_5>:
    fdc0:	12 c3       	clrc			
    fdc2:	0c 10       	rrc	r12		;

0000fdc4 <__mspabi_srli_4>:
    fdc4:	12 c3       	clrc			
    fdc6:	0c 10       	rrc	r12		;

0000fdc8 <__mspabi_srli_3>:
    fdc8:	12 c3       	clrc			
    fdca:	0c 10       	rrc	r12		;

0000fdcc <__mspabi_srli_2>:
    fdcc:	12 c3       	clrc			
    fdce:	0c 10       	rrc	r12		;

0000fdd0 <__mspabi_srli_1>:
    fdd0:	12 c3       	clrc			
    fdd2:	0c 10       	rrc	r12		;
    fdd4:	30 41       	ret			

0000fdd6 <.L11>:
    fdd6:	3d 53       	add	#-1,	r13	;r3 As==11
    fdd8:	12 c3       	clrc			
    fdda:	0c 10       	rrc	r12		;

0000fddc <__mspabi_srli>:
    fddc:	0d 93       	cmp	#0,	r13	;r3 As==00
    fdde:	fb 23       	jnz	$-8      	;abs 0xfdd6
    fde0:	30 41       	ret			

0000fde2 <__mspabi_srll_15>:
    fde2:	12 c3       	clrc			
    fde4:	0d 10       	rrc	r13		;
    fde6:	0c 10       	rrc	r12		;

0000fde8 <__mspabi_srll_14>:
    fde8:	12 c3       	clrc			
    fdea:	0d 10       	rrc	r13		;
    fdec:	0c 10       	rrc	r12		;

0000fdee <__mspabi_srll_13>:
    fdee:	12 c3       	clrc			
    fdf0:	0d 10       	rrc	r13		;
    fdf2:	0c 10       	rrc	r12		;

0000fdf4 <__mspabi_srll_12>:
    fdf4:	12 c3       	clrc			
    fdf6:	0d 10       	rrc	r13		;
    fdf8:	0c 10       	rrc	r12		;

0000fdfa <__mspabi_srll_11>:
    fdfa:	12 c3       	clrc			
    fdfc:	0d 10       	rrc	r13		;
    fdfe:	0c 10       	rrc	r12		;

0000fe00 <__mspabi_srll_10>:
    fe00:	12 c3       	clrc			
    fe02:	0d 10       	rrc	r13		;
    fe04:	0c 10       	rrc	r12		;

0000fe06 <__mspabi_srll_9>:
    fe06:	12 c3       	clrc			
    fe08:	0d 10       	rrc	r13		;
    fe0a:	0c 10       	rrc	r12		;

0000fe0c <__mspabi_srll_8>:
    fe0c:	12 c3       	clrc			
    fe0e:	0d 10       	rrc	r13		;
    fe10:	0c 10       	rrc	r12		;

0000fe12 <__mspabi_srll_7>:
    fe12:	12 c3       	clrc			
    fe14:	0d 10       	rrc	r13		;
    fe16:	0c 10       	rrc	r12		;

0000fe18 <__mspabi_srll_6>:
    fe18:	12 c3       	clrc			
    fe1a:	0d 10       	rrc	r13		;
    fe1c:	0c 10       	rrc	r12		;

0000fe1e <__mspabi_srll_5>:
    fe1e:	12 c3       	clrc			
    fe20:	0d 10       	rrc	r13		;
    fe22:	0c 10       	rrc	r12		;

0000fe24 <__mspabi_srll_4>:
    fe24:	12 c3       	clrc			
    fe26:	0d 10       	rrc	r13		;
    fe28:	0c 10       	rrc	r12		;

0000fe2a <__mspabi_srll_3>:
    fe2a:	12 c3       	clrc			
    fe2c:	0d 10       	rrc	r13		;
    fe2e:	0c 10       	rrc	r12		;

0000fe30 <__mspabi_srll_2>:
    fe30:	12 c3       	clrc			
    fe32:	0d 10       	rrc	r13		;
    fe34:	0c 10       	rrc	r12		;

0000fe36 <__mspabi_srll_1>:
    fe36:	12 c3       	clrc			
    fe38:	0d 10       	rrc	r13		;
    fe3a:	0c 10       	rrc	r12		;
    fe3c:	30 41       	ret			

0000fe3e <.L12>:
    fe3e:	3e 53       	add	#-1,	r14	;r3 As==11
    fe40:	12 c3       	clrc			
    fe42:	0d 10       	rrc	r13		;
    fe44:	0c 10       	rrc	r12		;

0000fe46 <__mspabi_srll>:
    fe46:	0e 93       	cmp	#0,	r14	;r3 As==00
    fe48:	fa 23       	jnz	$-10     	;abs 0xfe3e
    fe4a:	30 41       	ret			

0000fe4c <memmove>:
    fe4c:	0b 4c       	mov	r12,	r11	;
    fe4e:	0b 5e       	add	r14,	r11	;

0000fe50 <.Loc.69.1>:
    fe50:	0d 9c       	cmp	r12,	r13	;
    fe52:	09 28       	jnc	$+20     	;abs 0xfe66

0000fe54 <.L4>:
    fe54:	0e 4c       	mov	r12,	r14	;

0000fe56 <.L3>:
    fe56:	0b 9e       	cmp	r14,	r11	;
    fe58:	10 24       	jz	$+34     	;abs 0xfe7a

0000fe5a <.LVL3>:
    fe5a:	ee 4d 00 00 	mov.b	@r13,	0(r14)	;
    fe5e:	1e 53       	inc	r14		;

0000fe60 <.LVL4>:
    fe60:	1d 53       	inc	r13		;
    fe62:	30 40 56 fe 	br	#0xfe56		;

0000fe66 <.L2>:
    fe66:	0f 4d       	mov	r13,	r15	;
    fe68:	0f 5e       	add	r14,	r15	;
    fe6a:	0c 9f       	cmp	r15,	r12	;
    fe6c:	f3 2f       	jc	$-24     	;abs 0xfe54

0000fe6e <.LVL6>:
    fe6e:	0d 4f       	mov	r15,	r13	;

0000fe70 <.LVL7>:
    fe70:	0e 8f       	sub	r15,	r14	;

0000fe72 <.L5>:
    fe72:	0f 4d       	mov	r13,	r15	;
    fe74:	0f 5e       	add	r14,	r15	;
    fe76:	0f 93       	cmp	#0,	r15	;r3 As==00
    fe78:	01 20       	jnz	$+4      	;abs 0xfe7c

0000fe7a <.L9>:
    fe7a:	30 41       	ret			

0000fe7c <.L6>:
    fe7c:	3b 53       	add	#-1,	r11	;r3 As==11
    fe7e:	3d 53       	add	#-1,	r13	;r3 As==11

0000fe80 <.LVL12>:
    fe80:	eb 4d 00 00 	mov.b	@r13,	0(r11)	;
    fe84:	30 40 72 fe 	br	#0xfe72		;
